Nothing to build in platform 'microzed_labs_platform'

23:33:17 **** Build of configuration Debug for project microzed_lab4_application ****
make all 
make --no-print-directory pre-build
a9-linaro-pre-build-step
' '
make --no-print-directory main-build
'Building file: ../src/lab4.c'
'Invoking: ARM v7 gcc compiler'
arm-none-eabi-gcc -Wall -O0 -g3 -c -fmessage-length=0 -MT"src/lab4.o" -mcpu=cortex-a9 -mfpu=vfpv3 -mfloat-abi=hard -IC:/Users/pcost/Documents/github/Dissertation/training/microzed_labs_vitis_ws/microzed_labs_platform/export/microzed_labs_platform/sw/microzed_labs_platform/standalone_domain/bspinclude/include -MMD -MP -MF"src/lab4.d" -MT"src/lab4.o" -o "src/lab4.o" "../src/lab4.c"
'Finished building: ../src/lab4.c'
' '
'Building file: ../src/platform.c'
'Invoking: ARM v7 gcc compiler'
arm-none-eabi-gcc -Wall -O0 -g3 -c -fmessage-length=0 -MT"src/platform.o" -mcpu=cortex-a9 -mfpu=vfpv3 -mfloat-abi=hard -IC:/Users/pcost/Documents/github/Dissertation/training/microzed_labs_vitis_ws/microzed_labs_platform/export/microzed_labs_platform/sw/microzed_labs_platform/standalone_domain/bspinclude/include -MMD -MP -MF"src/platform.d" -MT"src/platform.o" -o "src/platform.o" "../src/platform.c"
'Finished building: ../src/platform.c'
' '
'Building target: microzed_lab4_application.elf'
'Invoking: ARM v7 gcc linker'
arm-none-eabi-gcc -mcpu=cortex-a9 -mfpu=vfpv3 -mfloat-abi=hard -Wl,-build-id=none -specs=Xilinx.spec -Wl,-T -Wl,../src/lscript.ld -LC:/Users/pcost/Documents/github/Dissertation/training/microzed_labs_vitis_ws/microzed_labs_platform/export/microzed_labs_platform/sw/microzed_labs_platform/standalone_domain/bsplib/lib -o "microzed_lab4_application.elf"  ./src/lab4.o ./src/platform.o   -Wl,--start-group,-lxil,-lgcc,-lc,--end-group
'Finished building target: microzed_lab4_application.elf'
' '
'Invoking: ARM v7 Print Size'
arm-none-eabi-size microzed_lab4_application.elf  |tee "microzed_lab4_application.elf.size"
   text	   data	    bss	    dec	    hex	filename
  22962	   1152	  22584	  46698	   b66a	microzed_lab4_application.elf
'Finished building: microzed_lab4_application.elf.size'
' '
23:33:18 **** Build of configuration Debug for project microzed_lab4_application_system ****
make all 
Generating bif file for the system project
generate_system_bif.bat 60968 C:/Users/pcost/Documents/github/Dissertation/training/microzed_labs_vitis_ws/microzed_labs_platform/export/microzed_labs_platform/microzed_labs_platform.xpfm standalone_domain C:/Users/pcost/Documents/github/Dissertation/training/microzed_labs_vitis_ws/microzed_lab4_application_system/Debug/system.bif
sdcard_gen --xpfm C:/Users/pcost/Documents/github/Dissertation/training/microzed_labs_vitis_ws/microzed_labs_platform/export/microzed_labs_platform/microzed_labs_platform.xpfm --sys_config microzed_labs_platform --bif C:/Users/pcost/Documents/github/Dissertation/training/microzed_labs_vitis_ws/microzed_lab4_application_system/Debug/system.bif --bitstream C:/Users/pcost/Documents/github/Dissertation/training/microzed_labs_vitis_ws/microzed_lab4_application/_ide/bitstream/design_1_wrapper.bit --elf C:/Users/pcost/Documents/github/Dissertation/training/microzed_labs_vitis_ws/microzed_lab4_application/Debug/microzed_lab4_application.elf,ps7_cortexa9_0
creating BOOT.BIN using C:/Users/pcost/Documents/github/Dissertation/training/microzed_labs_vitis_ws/microzed_lab4_application/_ide/bitstream/design_1_wrapper.bit
Running E:/Pedro/Programs/Xilinx/Vitis/2022.2/bin/bootgen  -image C:/Users/pcost/Documents/github/Dissertation/training/microzed_labs_vitis_ws/microzed_lab4_application_system/Debug/sd_card_temp/boot.bif -w -o i BOOT.BIN
