12:55:49 **** Incremental Build of configuration Debug for project microzed_lab2_application ****
make all 
make --no-print-directory pre-build
a9-linaro-pre-build-step
' '
make --no-print-directory main-build
'Building file: ../src/lab2.c'
'Invoking: ARM v7 gcc compiler'
arm-none-eabi-gcc -Wall -O0 -g3 -c -fmessage-length=0 -MT"src/lab2.o" -mcpu=cortex-a9 -mfpu=vfpv3 -mfloat-abi=hard -IC:/Users/pcost/Documents/github/Dissertation/training/microzed_labs_vitis_ws/microzed_labs_platform/export/microzed_labs_platform/sw/microzed_labs_platform/standalone_domain/bspinclude/include -MMD -MP -MF"src/lab2.d" -MT"src/lab2.o" -o "src/lab2.o" "../src/lab2.c"
'Finished building: ../src/lab2.c'
' '
'Building target: microzed_lab2_application.elf'
'Invoking: ARM v7 gcc linker'
arm-none-eabi-gcc -mcpu=cortex-a9 -mfpu=vfpv3 -mfloat-abi=hard -Wl,-build-id=none -specs=Xilinx.spec -Wl,-T -Wl,../src/lscript.ld -LC:/Users/pcost/Documents/github/Dissertation/training/microzed_labs_vitis_ws/microzed_labs_platform/export/microzed_labs_platform/sw/microzed_labs_platform/standalone_domain/bsplib/lib -o "microzed_lab2_application.elf"  ./src/lab2.o ./src/platform.o   -Wl,--start-group,-lxil,-lgcc,-lc,--end-group
'Finished building target: microzed_lab2_application.elf'
' '
'Invoking: ARM v7 Print Size'
arm-none-eabi-size microzed_lab2_application.elf  |tee "microzed_lab2_application.elf.size"
   text	   data	    bss	    dec	    hex	filename
  19064	   1144	  22568	  42776	   a718	microzed_lab2_application.elf
'Finished building: microzed_lab2_application.elf.size'
' '

12:55:50 Build Finished (took 710ms)

